Watching for file changes with StatReloader
D:\Ai Startup\Backend_microserices\venv\Lib\site-packages\jwt\api_jwt.py:147: InsecureKeyLengthWarning: The HMAC key is 24 bytes long, which is below the minimum recommended length of 32 bytes for SHA256. See RFC 7518 Section 3.2.
  return self._jws.encode(
[30/Jul/2026 11:13:47] "POST /api/auth/email-login/ HTTP/1.1" 200 543
D:\Ai Startup\Backend_microserices\venv\Lib\site-packages\jwt\api_jwt.py:368: InsecureKeyLengthWarning: The HMAC key is 24 bytes long, which is below the minimum recommended length of 32 bytes for SHA256. See RFC 7518 Section 3.2.
  decoded = self.decode_complete(
[30/Jul/2026 11:13:48] "POST /api/whatsapp/connect/ HTTP/1.1" 200 69
[30/Jul/2026 11:14:08] "GET /api/whatsapp/status/ HTTP/1.1" 200 60
Not Found: /api/whatsapp/qr/
[30/Jul/2026 11:14:08] "GET /api/whatsapp/qr/ HTTP/1.1" 404 97
[30/Jul/2026 11:14:20] "GET /api/whatsapp/status/ HTTP/1.1" 200 60
Not Found: /api/whatsapp/qr/
[30/Jul/2026 11:14:20] "GET /api/whatsapp/qr/ HTTP/1.1" 404 97
[30/Jul/2026 11:14:46] "POST /api/whatsapp/disconnect/ HTTP/1.1" 200 26
[30/Jul/2026 11:14:47] "DELETE /api/whatsapp/unlink/ HTTP/1.1" 200 26
[30/Jul/2026 11:14:47] "GET /api/whatsapp/status/ HTTP/1.1" 200 63
Conflict: /api/whatsapp/send/
[30/Jul/2026 11:15:36] "POST /api/whatsapp/send/ HTTP/1.1" 409 115
[30/Jul/2026 11:15:38] "POST /api/auth/email-login/ HTTP/1.1" 200 543
Forbidden: /api/whatsapp/send/
[30/Jul/2026 11:15:38] "POST /api/whatsapp/send/ HTTP/1.1" 403 146
[30/Jul/2026 11:15:45] "GET /api/notifications/ HTTP/1.1" 200 26
D:\Ai Startup\Backend_microserices\accountant_backend\apps\whatsapp\services.py changed, reloading.
Watching for file changes with StatReloader
D:\Ai Startup\Backend_microserices\venv\Lib\site-packages\jwt\api_jwt.py:368: InsecureKeyLengthWarning: The HMAC key is 24 bytes long, which is below the minimum recommended length of 32 bytes for SHA256. See RFC 7518 Section 3.2.
  decoded = self.decode_complete(
Conflict: /api/whatsapp/send/
[30/Jul/2026 11:16:19] "POST /api/whatsapp/send/ HTTP/1.1" 409 115
[30/Jul/2026 11:16:20] "POST /api/payments/ HTTP/1.1" 201 355
[30/Jul/2026 11:16:20] "GET /api/notifications/ HTTP/1.1" 200 381
[30/Jul/2026 11:16:27] "PATCH /api/notifications/1/read/ HTTP/1.1" 200 217
